main.c:105:6:move_to_110xy	56	static
main.c:146:6:move_to_z	24	static
main.c:160:6:caculate	32	static
main.c:214:5:main	8	static
main.c:474:6:SystemClock_Config	88	static
main.c:514:13:MX_ADC1_Init	24	static
main.c:564:13:MX_UART4_Init	8	static
main.c:597:13:MX_UART5_Init	8	static
main.c:630:13:MX_USART1_UART_Init	8	static
main.c:663:13:MX_USART2_UART_Init	8	static
main.c:694:13:MX_DMA_Init	16	static
main.c:719:13:MX_GPIO_Init	48	static
main.c:760:6:Error_Handler	4	static,ignoring_inline_asm
