stm32f4xx_it.c:73:6:NMI_Handler	4	static
stm32f4xx_it.c:88:6:HardFault_Handler	4	static
stm32f4xx_it.c:103:6:MemManage_Handler	4	static
stm32f4xx_it.c:118:6:BusFault_Handler	4	static
stm32f4xx_it.c:133:6:UsageFault_Handler	4	static
stm32f4xx_it.c:150:6:SVC_Handler	4	static
stm32f4xx_it.c:163:6:DebugMon_Handler	4	static
stm32f4xx_it.c:176:6:PendSV_Handler	4	static
stm32f4xx_it.c:189:6:SysTick_Handler	8	static
stm32f4xx_it.c:210:6:DMA1_Stream5_IRQHandler	8	static
stm32f4xx_it.c:224:6:DMA1_Stream6_IRQHandler	8	static
stm32f4xx_it.c:238:6:USART2_IRQHandler	8	static
stm32f4xx_it.c:252:6:DMA2_Stream0_IRQHandler	8	static
